define("id/f", [ "id/e" ], function(require) {
    require("id/e");
});