define("path/b", [ "./f", "./e" ], function(require) {
    var c = require("./f");
    return c;
});