define("path/c", [ "./d", "./e" ], function(require) {
    require("./d");
    require("./e");
});