/**
 * @fileoverview:
 * @author: tedzhou
 * @date: 13-9-20 下午6:22
 */
define("path/d", [], function(require) {});