define("path/f", [ "./e" ], function(require) {
    require("./e");
});